../Drivers/STM32WBxx_HAL_Driver/Inc/stm32wbxx_ll_bus.h:539:22:LL_AHB2_GRP1_EnableClock	24	static
../Core/Src/main.c:79:5:main	48	static,ignoring_inline_asm
../Core/Src/main.c:164:6:SystemClock_Config	112	static
../Core/Src/main.c:223:6:PeriphCommonClock_Config	88	static
../Core/Src/main.c:247:13:MX_I2C1_Init	8	static
../Core/Src/main.c:295:13:MX_SPI1_Init	8	static
../Core/Src/main.c:335:13:MX_TIM16_Init	8	static
../Core/Src/main.c:367:13:MX_GPIO_Init	32	static
../Core/Src/main.c:398:6:HAL_TIM_PeriodElapsedCallback	16	static
../Core/Src/main.c:413:6:Error_Handler	4	static,ignoring_inline_asm
